// Jest Snapshot v1, https://goo.gl/fbAQLP

exports[`should render RemoveExpenseModal correctly 1`] = `
<Modal
  ariaHideApp={false}
  bodyOpenClassName="ReactModal__Body--open"
  className="modal"
  closeTimeoutMS={200}
  contentElement={[Function]}
  contentLabel="Remove Expense"
  isOpen={true}
  onRequestClose={[MockFunction]}
  overlayElement={[Function]}
  parentSelector={[Function]}
  portalClassName="ReactModalPortal"
  preventScroll={false}
  role="dialog"
  shouldCloseOnEsc={true}
  shouldCloseOnOverlayClick={true}
  shouldFocusAfterRender={true}
  shouldReturnFocusAfterClose={true}
>
  <h3
    className="modal__title"
  >
    Remove Expense
  </h3>
  <p
    className="modal__body"
  >
    Are you sure you want to remove this expense?
  </p>
  <div
    className="modal__actions"
  >
    <button
      className="button button--secondary button--modal"
      onClick={[Function]}
    >
      Yes
    </button>
    <button
      className="button button--modal"
      onClick={[MockFunction]}
    >
      No
    </button>
  </div>
</Modal>
`;
